
> frontend@0.1.0 dev
> next dev

node.exe : ΓÜá Warning: 
Next.js inferred your 
workspace root, but it may 
not be correct.
At line:1 char:1
+ & "C:\Program 
Files\nodejs/node.exe" 
"C:\Program 
Files\nodejs/node_mo ...
+ ~~~~~~~~~~~~~~~~~~~~~~~~~~~
~~~~~~~~~~~~~~~~~~~~~~~~~~~~~
~~~~~~~~~~~~~
    + CategoryInfo           
   : NotSpecified    : (ΓÜá 
Warning: Ne.    ..not be 
correct.:S    tring) [], 
RemoteEx    ception
    + FullyQualifiedErr    
orId : NativeComman    dError
 
 We detected multiple 
lockfiles and selected the 
directory of C:\Users\JENI\pa
ckage-lock.json as the root 
directory.
 To silence this warning, 
set `turbopack.root` in your 
Next.js config, or consider 
removing one of the 
lockfiles if it's not needed.
   See https://nextjs.org/doc
s/app/api-reference/config/ne
xt-config-js/turbopack#root-d
irectory for more 
information.
 Detected additional 
lockfiles: 
   * C:\Users\JENI\OneDrive\D
esktop\kaartech project 
ag\frontend\package-lock.json

Γû▓ Next.js 16.1.6 (Turbopack)
- Local:         http://localhost:3000
- Network:       http://10.34.172.50:3000

Γ£ô Starting...
Γ£ô Ready in 1812ms
 GET / 200 in 923ms (compile: 654ms, render: 269ms)
 GET / 200 in 566ms (compile: 260ms, render: 306ms)
 GET /login 200 in 454ms (compile: 332ms, render: 122ms)
 GET /register 200 in 366ms (compile: 152ms, render: 214ms)
 GET / 200 in 354ms (compile: 21ms, render: 333ms)
 GET /login 200 in 285ms (compile: 17ms, render: 268ms)
 GET /register 200 in 57ms (compile: 11ms, render: 46ms)
 GET / 200 in 59ms (compile: 13ms, render: 46ms)
 GET /login 200 in 256ms (compile: 13ms, render: 243ms)
 GET /register 200 in 101ms (compile: 9ms, render: 92ms)
 GET / 200 in 70ms (compile: 13ms, render: 57ms)
 GET /login 200 in 289ms (compile: 15ms, render: 274ms)
 GET / 200 in 53ms (compile: 9ms, render: 44ms)
 GET /login 200 in 148ms (compile: 23ms, render: 124ms)
 GET / 200 in 59ms (compile: 7ms, render: 52ms)
Γ£ô Compiled in 402ms
 GET / 200 in 2.0s (compile: 295ms, render: 1725ms)
Γ£ô Compiled in 262ms
Γ£ô Compiled in 482ms
Γ£ô Compiled in 45ms
 GET / 200 in 6.8s (compile: 579ms, render: 6.3s)
Γ£ô Compiled in 38ms
 GET / 200 in 4.3s (compile: 224ms, render: 4.1s)
 GET /login 200 in 88ms (compile: 24ms, render: 64ms)
 GET / 200 in 69ms (compile: 10ms, render: 58ms)
 GET /admin/users 200 in 629ms (compile: 332ms, render: 296ms)
 GET /admin/users 200 in 259ms (compile: 11ms, render: 248ms)
Γ£ô Compiled in 83ms
